[2026-08-18 20:59:18] [CorrelationID: 5656a1db-a6b9-4f7f-a310-c71a144ec3f1] [POST /centro-de-jubilados-primavera/public/api/planillas]
Payload: {"zona_id":"11111111-1111-1111-1111-111111111104","cobrador_id":"6392ef02-4867-41b6-8836-2e296deb1720"}
Excepcion: PDOException: SQLSTATE[42000]: Syntax error or access violation: 1305 FUNCTION centro_jubilados_primavera.JSON_ARRAYAGG does not exist en C:\xampp\htdocs\centro-de-jubilados-primavera\app\modules\planillas\PlanillaRepository.php:172
Stack trace:
#0 C:\xampp\htdocs\centro-de-jubilados-primavera\app\modules\planillas\PlanillaRepository.php(172): PDO->prepare('SELECT s.id as ...')
#1 C:\xampp\htdocs\centro-de-jubilados-primavera\app\modules\planillas\PlanillaService.php(39): CJP\Modules\Planillas\PlanillaRepository->getSociosConDeudaDomiciliaria('11111111-1111-1...')
#2 C:\xampp\htdocs\centro-de-jubilados-primavera\app\modules\planillas\PlanillaController.php(29): CJP\Modules\Planillas\PlanillaService->generar('11111111-1111-1...', '6392ef02-4867-4...', 'aaaaaaaa-aaaa-a...')
#3 [internal function]: CJP\Modules\Planillas\PlanillaController->generar(Array)
#4 C:\xampp\htdocs\centro-de-jubilados-primavera\app\shared\Router.php(137): call_user_func(Array, Array)
#5 C:\xampp\htdocs\centro-de-jubilados-primavera\public\index.php(155): CJP\Shared\Router->dispatch()
#6 {main}
----------------------------------------
[2026-08-19 21:11:28] [CorrelationID: d8434c0f-b9cd-4185-a8b2-1b360e8ab961] [POST /centro-de-jubilados-primavera/public/api/planillas]
Payload: {"zona_id":"11111111-1111-1111-1111-111111111104","cobrador_id":"6392ef02-4867-41b6-8836-2e296deb1720"}
Excepcion: PDOException: SQLSTATE[42000]: Syntax error or access violation: 1305 FUNCTION centro_jubilados_primavera.JSON_ARRAYAGG does not exist en C:\xampp\htdocs\centro-de-jubilados-primavera\app\modules\planillas\PlanillaRepository.php:172
Stack trace:
#0 C:\xampp\htdocs\centro-de-jubilados-primavera\app\modules\planillas\PlanillaRepository.php(172): PDO->prepare('SELECT s.id as ...')
#1 C:\xampp\htdocs\centro-de-jubilados-primavera\app\modules\planillas\PlanillaService.php(39): CJP\Modules\Planillas\PlanillaRepository->getSociosConDeudaDomiciliaria('11111111-1111-1...')
#2 C:\xampp\htdocs\centro-de-jubilados-primavera\app\modules\planillas\PlanillaController.php(29): CJP\Modules\Planillas\PlanillaService->generar('11111111-1111-1...', '6392ef02-4867-4...', 'aaaaaaaa-aaaa-a...')
#3 [internal function]: CJP\Modules\Planillas\PlanillaController->generar(Array)
#4 C:\xampp\htdocs\centro-de-jubilados-primavera\app\shared\Router.php(137): call_user_func(Array, Array)
#5 C:\xampp\htdocs\centro-de-jubilados-primavera\public\index.php(155): CJP\Shared\Router->dispatch()
#6 {main}
----------------------------------------
[2026-08-19 21:12:21] [CorrelationID: 65d1ef85-c3cb-4d0e-9f0f-45288eb29c09] [POST /centro-de-jubilados-primavera/public/api/planillas]
Payload: {"zona_id":"11111111-1111-1111-1111-111111111104","cobrador_id":"6392ef02-4867-41b6-8836-2e296deb1720"}
Excepcion: PDOException: SQLSTATE[42000]: Syntax error or access violation: 1305 FUNCTION centro_jubilados_primavera.JSON_ARRAYAGG does not exist en C:\xampp\htdocs\centro-de-jubilados-primavera\app\modules\planillas\PlanillaRepository.php:172
Stack trace:
#0 C:\xampp\htdocs\centro-de-jubilados-primavera\app\modules\planillas\PlanillaRepository.php(172): PDO->prepare('SELECT s.id as ...')
#1 C:\xampp\htdocs\centro-de-jubilados-primavera\app\modules\planillas\PlanillaService.php(39): CJP\Modules\Planillas\PlanillaRepository->getSociosConDeudaDomiciliaria('11111111-1111-1...')
#2 C:\xampp\htdocs\centro-de-jubilados-primavera\app\modules\planillas\PlanillaController.php(29): CJP\Modules\Planillas\PlanillaService->generar('11111111-1111-1...', '6392ef02-4867-4...', 'aaaaaaaa-aaaa-a...')
#3 [internal function]: CJP\Modules\Planillas\PlanillaController->generar(Array)
#4 C:\xampp\htdocs\centro-de-jubilados-primavera\app\shared\Router.php(137): call_user_func(Array, Array)
#5 C:\xampp\htdocs\centro-de-jubilados-primavera\public\index.php(155): CJP\Shared\Router->dispatch()
#6 {main}
----------------------------------------
[2026-08-19 21:13:58] [CorrelationID: b24ebad7-3923-4968-80e8-d33e3ec8f52a] [POST /centro-de-jubilados-primavera/public/api/planillas]
Payload: {"zona_id":"11111111-1111-1111-1111-111111111103","cobrador_id":"6392ef02-4867-41b6-8836-2e296deb1720"}
Excepcion: PDOException: SQLSTATE[42000]: Syntax error or access violation: 1305 FUNCTION centro_jubilados_primavera.JSON_ARRAYAGG does not exist en C:\xampp\htdocs\centro-de-jubilados-primavera\app\modules\planillas\PlanillaRepository.php:172
Stack trace:
#0 C:\xampp\htdocs\centro-de-jubilados-primavera\app\modules\planillas\PlanillaRepository.php(172): PDO->prepare('SELECT s.id as ...')
#1 C:\xampp\htdocs\centro-de-jubilados-primavera\app\modules\planillas\PlanillaService.php(39): CJP\Modules\Planillas\PlanillaRepository->getSociosConDeudaDomiciliaria('11111111-1111-1...')
#2 C:\xampp\htdocs\centro-de-jubilados-primavera\app\modules\planillas\PlanillaController.php(29): CJP\Modules\Planillas\PlanillaService->generar('11111111-1111-1...', '6392ef02-4867-4...', 'aaaaaaaa-aaaa-a...')
#3 [internal function]: CJP\Modules\Planillas\PlanillaController->generar(Array)
#4 C:\xampp\htdocs\centro-de-jubilados-primavera\app\shared\Router.php(137): call_user_func(Array, Array)
#5 C:\xampp\htdocs\centro-de-jubilados-primavera\public\index.php(155): CJP\Shared\Router->dispatch()
#6 {main}
----------------------------------------
[2026-08-19 21:16:20] [CorrelationID: b9cecb8b-ed49-44cc-9207-dd4d9d61504b] [POST /centro-de-jubilados-primavera/public/api/planillas]
Payload: {"zona_id":"11111111-1111-1111-1111-111111111104","cobrador_id":"6392ef02-4867-41b6-8836-2e296deb1720"}
Excepcion: PDOException: SQLSTATE[42000]: Syntax error or access violation: 1305 FUNCTION centro_jubilados_primavera.JSON_ARRAYAGG does not exist en C:\xampp\htdocs\centro-de-jubilados-primavera\app\modules\planillas\PlanillaRepository.php:172
Stack trace:
#0 C:\xampp\htdocs\centro-de-jubilados-primavera\app\modules\planillas\PlanillaRepository.php(172): PDO->prepare('SELECT s.id as ...')
#1 C:\xampp\htdocs\centro-de-jubilados-primavera\app\modules\planillas\PlanillaService.php(39): CJP\Modules\Planillas\PlanillaRepository->getSociosConDeudaDomiciliaria('11111111-1111-1...')
#2 C:\xampp\htdocs\centro-de-jubilados-primavera\app\modules\planillas\PlanillaController.php(29): CJP\Modules\Planillas\PlanillaService->generar('11111111-1111-1...', '6392ef02-4867-4...', 'aaaaaaaa-aaaa-a...')
#3 [internal function]: CJP\Modules\Planillas\PlanillaController->generar(Array)
#4 C:\xampp\htdocs\centro-de-jubilados-primavera\app\shared\Router.php(137): call_user_func(Array, Array)
#5 C:\xampp\htdocs\centro-de-jubilados-primavera\public\index.php(155): CJP\Shared\Router->dispatch()
#6 {main}
----------------------------------------
[2026-08-19 21:16:24] [CorrelationID: 241795cc-3732-4aef-82d2-371fb848119b] [POST /centro-de-jubilados-primavera/public/api/planillas]
Payload: {"zona_id":"11111111-1111-1111-1111-111111111103","cobrador_id":"6392ef02-4867-41b6-8836-2e296deb1720"}
Excepcion: PDOException: SQLSTATE[42000]: Syntax error or access violation: 1305 FUNCTION centro_jubilados_primavera.JSON_ARRAYAGG does not exist en C:\xampp\htdocs\centro-de-jubilados-primavera\app\modules\planillas\PlanillaRepository.php:172
Stack trace:
#0 C:\xampp\htdocs\centro-de-jubilados-primavera\app\modules\planillas\PlanillaRepository.php(172): PDO->prepare('SELECT s.id as ...')
#1 C:\xampp\htdocs\centro-de-jubilados-primavera\app\modules\planillas\PlanillaService.php(39): CJP\Modules\Planillas\PlanillaRepository->getSociosConDeudaDomiciliaria('11111111-1111-1...')
#2 C:\xampp\htdocs\centro-de-jubilados-primavera\app\modules\planillas\PlanillaController.php(29): CJP\Modules\Planillas\PlanillaService->generar('11111111-1111-1...', '6392ef02-4867-4...', 'aaaaaaaa-aaaa-a...')
#3 [internal function]: CJP\Modules\Planillas\PlanillaController->generar(Array)
#4 C:\xampp\htdocs\centro-de-jubilados-primavera\app\shared\Router.php(137): call_user_func(Array, Array)
#5 C:\xampp\htdocs\centro-de-jubilados-primavera\public\index.php(155): CJP\Shared\Router->dispatch()
#6 {main}
----------------------------------------
[2026-08-19 21:16:30] [CorrelationID: c0d880d2-019d-49d2-b584-9fd42c881945] [POST /centro-de-jubilados-primavera/public/api/planillas]
Payload: {"zona_id":"11111111-1111-1111-1111-111111111102","cobrador_id":"6392ef02-4867-41b6-8836-2e296deb1720"}
Excepcion: PDOException: SQLSTATE[42000]: Syntax error or access violation: 1305 FUNCTION centro_jubilados_primavera.JSON_ARRAYAGG does not exist en C:\xampp\htdocs\centro-de-jubilados-primavera\app\modules\planillas\PlanillaRepository.php:172
Stack trace:
#0 C:\xampp\htdocs\centro-de-jubilados-primavera\app\modules\planillas\PlanillaRepository.php(172): PDO->prepare('SELECT s.id as ...')
#1 C:\xampp\htdocs\centro-de-jubilados-primavera\app\modules\planillas\PlanillaService.php(39): CJP\Modules\Planillas\PlanillaRepository->getSociosConDeudaDomiciliaria('11111111-1111-1...')
#2 C:\xampp\htdocs\centro-de-jubilados-primavera\app\modules\planillas\PlanillaController.php(29): CJP\Modules\Planillas\PlanillaService->generar('11111111-1111-1...', '6392ef02-4867-4...', 'aaaaaaaa-aaaa-a...')
#3 [internal function]: CJP\Modules\Planillas\PlanillaController->generar(Array)
#4 C:\xampp\htdocs\centro-de-jubilados-primavera\app\shared\Router.php(137): call_user_func(Array, Array)
#5 C:\xampp\htdocs\centro-de-jubilados-primavera\public\index.php(155): CJP\Shared\Router->dispatch()
#6 {main}
----------------------------------------
[2026-08-19 21:16:36] [CorrelationID: af577ba4-f5be-4bf9-8e5b-95d68106fc56] [POST /centro-de-jubilados-primavera/public/api/planillas]
Payload: {"zona_id":"11111111-1111-1111-1111-111111111101","cobrador_id":"6392ef02-4867-41b6-8836-2e296deb1720"}
Excepcion: PDOException: SQLSTATE[42000]: Syntax error or access violation: 1305 FUNCTION centro_jubilados_primavera.JSON_ARRAYAGG does not exist en C:\xampp\htdocs\centro-de-jubilados-primavera\app\modules\planillas\PlanillaRepository.php:172
Stack trace:
#0 C:\xampp\htdocs\centro-de-jubilados-primavera\app\modules\planillas\PlanillaRepository.php(172): PDO->prepare('SELECT s.id as ...')
#1 C:\xampp\htdocs\centro-de-jubilados-primavera\app\modules\planillas\PlanillaService.php(39): CJP\Modules\Planillas\PlanillaRepository->getSociosConDeudaDomiciliaria('11111111-1111-1...')
#2 C:\xampp\htdocs\centro-de-jubilados-primavera\app\modules\planillas\PlanillaController.php(29): CJP\Modules\Planillas\PlanillaService->generar('11111111-1111-1...', '6392ef02-4867-4...', 'aaaaaaaa-aaaa-a...')
#3 [internal function]: CJP\Modules\Planillas\PlanillaController->generar(Array)
#4 C:\xampp\htdocs\centro-de-jubilados-primavera\app\shared\Router.php(137): call_user_func(Array, Array)
#5 C:\xampp\htdocs\centro-de-jubilados-primavera\public\index.php(155): CJP\Shared\Router->dispatch()
#6 {main}
----------------------------------------
[2026-08-19 21:16:40] [CorrelationID: 0cbe271a-19a1-4eae-aa1d-d0367a6c4908] [POST /centro-de-jubilados-primavera/public/api/planillas]
Payload: {"zona_id":"11111111-1111-1111-1111-111111111106","cobrador_id":"6392ef02-4867-41b6-8836-2e296deb1720"}
Excepcion: PDOException: SQLSTATE[42000]: Syntax error or access violation: 1305 FUNCTION centro_jubilados_primavera.JSON_ARRAYAGG does not exist en C:\xampp\htdocs\centro-de-jubilados-primavera\app\modules\planillas\PlanillaRepository.php:172
Stack trace:
#0 C:\xampp\htdocs\centro-de-jubilados-primavera\app\modules\planillas\PlanillaRepository.php(172): PDO->prepare('SELECT s.id as ...')
#1 C:\xampp\htdocs\centro-de-jubilados-primavera\app\modules\planillas\PlanillaService.php(39): CJP\Modules\Planillas\PlanillaRepository->getSociosConDeudaDomiciliaria('11111111-1111-1...')
#2 C:\xampp\htdocs\centro-de-jubilados-primavera\app\modules\planillas\PlanillaController.php(29): CJP\Modules\Planillas\PlanillaService->generar('11111111-1111-1...', '6392ef02-4867-4...', 'aaaaaaaa-aaaa-a...')
#3 [internal function]: CJP\Modules\Planillas\PlanillaController->generar(Array)
#4 C:\xampp\htdocs\centro-de-jubilados-primavera\app\shared\Router.php(137): call_user_func(Array, Array)
#5 C:\xampp\htdocs\centro-de-jubilados-primavera\public\index.php(155): CJP\Shared\Router->dispatch()
#6 {main}
----------------------------------------
[2026-08-19 21:16:45] [CorrelationID: b0b52a36-cda1-4dbe-b4fd-dee5b64bad8f] [POST /centro-de-jubilados-primavera/public/api/planillas]
Payload: {"zona_id":"11111111-1111-1111-1111-111111111105","cobrador_id":"6392ef02-4867-41b6-8836-2e296deb1720"}
Excepcion: PDOException: SQLSTATE[42000]: Syntax error or access violation: 1305 FUNCTION centro_jubilados_primavera.JSON_ARRAYAGG does not exist en C:\xampp\htdocs\centro-de-jubilados-primavera\app\modules\planillas\PlanillaRepository.php:172
Stack trace:
#0 C:\xampp\htdocs\centro-de-jubilados-primavera\app\modules\planillas\PlanillaRepository.php(172): PDO->prepare('SELECT s.id as ...')
#1 C:\xampp\htdocs\centro-de-jubilados-primavera\app\modules\planillas\PlanillaService.php(39): CJP\Modules\Planillas\PlanillaRepository->getSociosConDeudaDomiciliaria('11111111-1111-1...')
#2 C:\xampp\htdocs\centro-de-jubilados-primavera\app\modules\planillas\PlanillaController.php(29): CJP\Modules\Planillas\PlanillaService->generar('11111111-1111-1...', '6392ef02-4867-4...', 'aaaaaaaa-aaaa-a...')
#3 [internal function]: CJP\Modules\Planillas\PlanillaController->generar(Array)
#4 C:\xampp\htdocs\centro-de-jubilados-primavera\app\shared\Router.php(137): call_user_func(Array, Array)
#5 C:\xampp\htdocs\centro-de-jubilados-primavera\public\index.php(155): CJP\Shared\Router->dispatch()
#6 {main}
----------------------------------------
[2026-09-04 21:44:47] [CorrelationID: 8c60b0d3-ef97-433b-8701-ddcf97c09124] [POST /centro-de-jubilados-primavera/public/api/observaciones]
Payload: {"socio_id":"68657d38-3319-42e4-a0bf-ec3a367b3da1","contenido":"TEST_ Observacion de prueba automatizada."}
Excepcion: TypeError: CJP\Modules\Observaciones\ObservacionService::agregar(): Argument #3 ($usuarioId) must be of type string, null given, called in C:\xampp\htdocs\centro-de-jubilados-primavera\app\modules\observaciones\ObservacionController.php on line 28 en C:\xampp\htdocs\centro-de-jubilados-primavera\app\modules\observaciones\ObservacionService.php:18
Stack trace:
#0 C:\xampp\htdocs\centro-de-jubilados-primavera\app\modules\observaciones\ObservacionController.php(28): CJP\Modules\Observaciones\ObservacionService->agregar('68657d38-3319-4...', 'TEST_ Observaci...', NULL)
#1 [internal function]: CJP\Modules\Observaciones\ObservacionController->agregar(Array)
#2 C:\xampp\htdocs\centro-de-jubilados-primavera\app\shared\Router.php(137): call_user_func(Array, Array)
#3 C:\xampp\htdocs\centro-de-jubilados-primavera\public\index.php(155): CJP\Shared\Router->dispatch()
#4 {main}
----------------------------------------
[2026-09-04 21:44:48] [CorrelationID: eabde27d-6111-484b-b3e2-f91ee0d80065] [GET /centro-de-jubilados-primavera/public/api/historial/socio/68657d38-3319-42e4-a0bf-ec3a367b3da1]
Payload: []
Excepcion: PDOException: SQLSTATE[HY093]: Invalid parameter number en C:\xampp\htdocs\centro-de-jubilados-primavera\app\modules\historial\HistorialService.php:60
Stack trace:
#0 C:\xampp\htdocs\centro-de-jubilados-primavera\app\modules\historial\HistorialService.php(60): PDOStatement->execute(Array)
#1 C:\xampp\htdocs\centro-de-jubilados-primavera\app\modules\historial\HistorialController.php(16): CJP\Modules\Historial\HistorialService->getBySocio('68657d38-3319-4...')
#2 [internal function]: CJP\Modules\Historial\HistorialController->getBySocio(Array)
#3 C:\xampp\htdocs\centro-de-jubilados-primavera\app\shared\Router.php(137): call_user_func(Array, Array)
#4 C:\xampp\htdocs\centro-de-jubilados-primavera\public\index.php(155): CJP\Shared\Router->dispatch()
#5 {main}
----------------------------------------
[2026-09-04 21:44:49] [CorrelationID: b9566d9b-cd4b-4a2e-89d1-f9562ccb4532] [POST /centro-de-jubilados-primavera/public/api/notificaciones/e06f9c7c-d41d-4c31-a3f9-db65734966c6/revertir]
Payload: []
Excepcion: TypeError: CJP\Modules\Notificaciones\NotificacionService::revertir(): Argument #2 ($usuarioId) must be of type string, null given, called in C:\xampp\htdocs\centro-de-jubilados-primavera\app\modules\notificaciones\NotificacionController.php on line 37 en C:\xampp\htdocs\centro-de-jubilados-primavera\app\modules\notificaciones\NotificacionService.php:38
Stack trace:
#0 C:\xampp\htdocs\centro-de-jubilados-primavera\app\modules\notificaciones\NotificacionController.php(37): CJP\Modules\Notificaciones\NotificacionService->revertir('e06f9c7c-d41d-4...', NULL)
#1 [internal function]: CJP\Modules\Notificaciones\NotificacionController->revertir(Array)
#2 C:\xampp\htdocs\centro-de-jubilados-primavera\app\shared\Router.php(137): call_user_func(Array, Array)
#3 C:\xampp\htdocs\centro-de-jubilados-primavera\public\index.php(155): CJP\Shared\Router->dispatch()
#4 {main}
----------------------------------------
